// Jest Snapshot v1, https://goo.gl/fbAQLP

exports[`Logo Should match snapshot 1`] = `"<div class=\\"styled__StLogo-sc-1jma522-0 ksouNb\\"><img src=\\"./public/assets/images/logo.png\\"/><h1>Header&amp;Shmeader</h1></div>"`;
