// Jest Snapshot v1, https://goo.gl/fbAQLP

exports[`SingleSell Should match snapshot 1`] = `"<div id=\\"1\\" class=\\"styled__StSingleSell-sc-1cetqro-0 gxBDod\\">1</div>"`;
