// Jest Snapshot v1, https://goo.gl/fbAQLP

exports[`SingleSellNine Should match snapshot 1`] = `"<div id=\\"1\\" class=\\"styled__StSingleSellNine-sc-1icsnrc-0 fXpGzf\\"></div>"`;
