// Jest Snapshot v1, https://goo.gl/fbAQLP

exports[`EndGame Should match snapshot 1`] = `"<div class=\\"styled__StEndGame-sc-qa3399-0 gWauTJ\\">a</div>"`;
