// Jest Snapshot v1, https://goo.gl/fbAQLP

exports[`App Should match snapshot 1`] = `"<div lang=\\"en\\" class=\\"styled__StAppDiv-sc-1fw99p6-0 eSgwpr\\"><div class=\\"styled__StHeader-sc-1okobp8-0 kQvxmw\\"><div class=\\"styled__StNav-sc-ssmv4t-0 bQmCQr\\"><img src=\\"/public/assets/images/game-logo.svg\\"/></div><div class=\\"styled__StControl-sc-1lhkoni-0 hpqIdr\\"><button id=\\"theme-btn\\" type=\\"button\\" font-size=\\"26px\\" height=\\"40px\\" width=\\"40px\\" class=\\"styled__StButton-sc-15atqtm-0 cbbokf\\"></button><select width=\\"70px\\" class=\\"styled__StSelect-sc-1hj7ohk-0 iwhDAp\\"><option value=\\"en\\" class=\\"styled__StOption-sc-1hj7ohk-1 gzrQPo\\">en</option><option value=\\"ru\\" class=\\"styled__StOption-sc-1hj7ohk-1 gzrQPo\\">ru</option></select></div></div><div class=\\"styled__StLoginDiv-sc-13c43a5-0 cIxYSG\\"><div class=\\"styled__StFormDiv-sc-1e042yb-0 fsPyCq\\"><img src=\\"./public/assets/images/sign-logo.svg\\" alt=\\"sign in\\"/><p>Sign In</p><div width=\\"400px\\" height=\\"100%\\" class=\\"styled__StInputContainer-sc-1hxx3n2-3 lgZfAh\\"><label for=\\"login\\" class=\\"styled__StLabel-sc-1hxx3n2-0 bqJtAL\\"></label><input type=\\"text\\" id=\\"login\\" name=\\"login\\" value=\\"\\" color=\\"#484b54\\" placeholder=\\"Login\\" class=\\"styled__StInput-sc-1hxx3n2-1 ckDXWH\\"/></div><div width=\\"400px\\" height=\\"100%\\" class=\\"styled__StInputContainer-sc-1hxx3n2-3 lgZfAh\\"><label for=\\"password\\" class=\\"styled__StLabel-sc-1hxx3n2-0 bqJtAL\\"></label><input type=\\"text\\" id=\\"password\\" name=\\"password\\" value=\\"\\" color=\\"#484b54\\" placeholder=\\"Password\\" class=\\"styled__StInput-sc-1hxx3n2-1 ckDXWH\\"/></div><button id=\\"login\\" type=\\"button\\" height=\\"50px\\" class=\\"styled__StButton-sc-15atqtm-0 hjKzSn\\">Sign in</button><span>Don\`t have an account?<a href=\\"/registration\\">Sign Up</a></span></div></div><div class=\\"notification-container notification-container-empty\\"><div></div></div></div>"`;
