// Jest Snapshot v1, https://goo.gl/fbAQLP

exports[`TicTacToe Should match snapshot 1`] = `"<div class=\\"styled__StTicTacToe-sc-3am6n8-0 bMwVWP\\"><div class=\\"styled__StSingleSellNine-sc-1icsnrc-0 fXpGzf\\"><div class=\\"styled__StCrossAndZero-sc-1e5txb5-0 bWPZNh\\">O</div></div></div>"`;
