// Jest Snapshot v1, https://goo.gl/fbAQLP

exports[`Select Should match snapshot 1`] = `"<select id=\\"id\\" class=\\"styled__StSelect-sc-1hj7ohk-0 humWGw\\"></select>"`;
