// Jest Snapshot v1, https://goo.gl/fbAQLP

exports[`Login Should match snapshot 1`] = `"<div class=\\"styled__StLoginDiv-sc-13c43a5-0 cIxYSG\\"><div class=\\"styled__StFormDiv-sc-2jn9rk-0 bySPyt\\"><img src=\\"./public/assets/images/sign-logo.svg\\" alt=\\"sign in\\"/><p>Sign In</p><div width=\\"400px\\" height=\\"auto\\" class=\\"styled__StInputContainer-sc-153pik-3 dstpmx\\"><label for=\\"email\\" class=\\"styled__StLabel-sc-153pik-0 gnhVmo\\">Email</label><input type=\\"text\\" id=\\"email\\" name=\\"email\\" value=\\"\\" color=\\"#484b54\\" placeholder=\\"Login\\" class=\\"styled__StInput-sc-153pik-1 kHsRis\\"/></div><div width=\\"400px\\" height=\\"auto\\" class=\\"styled__StInputContainer-sc-153pik-3 dstpmx\\"><label for=\\"password\\" class=\\"styled__StLabel-sc-153pik-0 gnhVmo\\">Password</label><input type=\\"text\\" id=\\"password\\" name=\\"password\\" value=\\"\\" color=\\"#484b54\\" placeholder=\\"Password\\" class=\\"styled__StInput-sc-153pik-1 kHsRis\\"/></div><button id=\\"login\\" type=\\"button\\" height=\\"50px\\" class=\\"styled__StButton-sc-15f3n0p-0 dhiANH\\">Sign in</button><span>Don\`t have an account?<a href=\\"/registration\\">Sign Up</a></span></div></div>"`;
