// Jest Snapshot v1, https://goo.gl/fbAQLP

exports[`CrossAndZero Should match snapshot 1`] = `"<div class=\\"styled__StCrossAndZero-sc-1e5txb5-0 bWPZNh\\">X</div>"`;
