// Jest Snapshot v1, https://goo.gl/fbAQLP

exports[`Registration Should match snapshot 1`] = `"<div class=\\"styled__StRegDiv-sc-wqf9bf-0 gLBHum\\"><div class=\\"styled__StFormDiv-sc-1d1brj9-0 jCvTcn\\"><p>Sign Up</p><div width=\\"80%\\" height=\\"100px\\" class=\\"styled__StInputContainer-sc-1btej64-3 dJLWUh\\"><label for=\\"email\\" class=\\"styled__StLabel-sc-1btej64-0 dWTswj\\">Email</label><input type=\\"text\\" id=\\"email\\" name=\\"email\\" placeholder=\\"Enter your email...\\" class=\\"styled__StInput-sc-1btej64-1 ljDCzz\\"/></div><div width=\\"80%\\" height=\\"100px\\" class=\\"styled__StInputContainer-sc-1btej64-3 dJLWUh\\"><label for=\\"password\\" class=\\"styled__StLabel-sc-1btej64-0 dWTswj\\">Password</label><input type=\\"text\\" id=\\"password\\" name=\\"password\\" value=\\"\\" placeholder=\\"Enter your password...\\" class=\\"styled__StInput-sc-1btej64-1 ljDCzz\\"/></div><div width=\\"80%\\" height=\\"100px\\" class=\\"styled__StInputContainer-sc-1btej64-3 dJLWUh\\"><label for=\\"confirm\\" class=\\"styled__StLabel-sc-1btej64-0 dWTswj\\">Confirm</label><input type=\\"text\\" id=\\"confirm\\" name=\\"confirm\\" placeholder=\\"Confirm your password...\\" class=\\"styled__StInput-sc-1btej64-1 ljDCzz\\"/></div><button id=\\"registration\\" type=\\"button\\" height=\\"50px\\" class=\\"styled__StButton-sc-1tsvjsw-0 bBmjUC\\">Register</button><span>Alredy Registred?<a aria-current=\\"page\\" class=\\"active\\" href=\\"/\\">Sign In</a></span></div></div>"`;
