// Jest Snapshot v1, https://goo.gl/fbAQLP

exports[`Checkers Should match snapshot 1`] = `"<div class=\\"styled__StChecker-sc-3d1dux-0 bUcYpr\\"></div>"`;
