// Jest Snapshot v1, https://goo.gl/fbAQLP

exports[`Button Should match snapshot 1`] = `"<button id=\\"id\\" name=\\"name\\" type=\\"Button\\" value=\\"value\\" title=\\"Button\\" disabled=\\"\\" class=\\"styled__StButton-sc-15atqtm-0 hXGlJN\\"></button>"`;
